{
	"data": [
		{
			"id": 1,
			"name": "tekton",
			"catalog": {
				"id": 1,
				"name": "catalog-official",
				"type": "official"
			},
			"kind": "task",
			"latestVersion": {
				"id": 5,
				"version": "0.2",
				"displayName": "Tekton CLI",
				"description": "Desc1",
				"minPipelinesVersion": "0.12.1",
				"rawURL": "https://raw.githubusercontent.com/Pipelines-Marketplace/catalog/master/task/tekton/0.2/tekton.yaml",
				"webURL": "https://github.com/Pipelines-Marketplace/catalog/tree/master/task/tekton/0.2/tekton.yaml",
				"updatedAt": "2013-01-01T00:00:01Z"
			},
			"tags": [
				{
					"id": 2,
					"name": "rtag"
				}
			],
			"rating": 5
		},
		{
			"id": 5,
			"name": "tkn",
			"catalog": {
				"id": 1,
				"name": "catalog-official",
				"type": "official"
			},
			"kind": "task",
			"latestVersion": {
				"id": 8,
				"version": "0.1",
				"displayName": "Tkn CLI",
				"description": "Desc5",
				"minPipelinesVersion": "0.12.1",
				"rawURL": "https://raw.githubusercontent.com/Pipelines-Marketplace/catalog/master/task/tkn/0.1/tkn.yaml",
				"webURL": "https://github.com/Pipelines-Marketplace/catalog/tree/master/task/tkn/0.1/tkn.yaml",
				"updatedAt": "2013-01-01T00:00:01Z"
			},
			"tags": [
				{
					"id": 2,
					"name": "rtag"
				}
			],
			"rating": 5
		}
	]
}
