{
	"data": {
		"id": 7,
		"name": "tkn-hub",
		"catalog": {
			"id": 1,
			"name": "catalog-official",
			"type": "official"
		},
		"categories": [
			{
				"id": 1,
				"name": "xyz"
			}
		],
		"kind": "task",
		"hubURLPath": "catalog-official/task/tkn-hub",
		"latestVersion": {
			"id": 10,
			"version": "0.1",
			"displayName": "Tkn Hub",
			"deprecated": true,
			"description": "Desc7",
			"minPipelinesVersion": "0.12.1",
			"rawURL": "https://raw.githubusercontent.com/Pipelines-Marketplace/catalog-community/master/task/tkn-hub/0.1/tkn-hub.yaml",
			"webURL": "https://github.com/Pipelines-Marketplace/catalog-community/tree/master/task/tkn-hub/0.1/tkn-hub.yaml",
			"hubURLPath": "catalog-official/task/tkn-hub/0.1",
			"updatedAt": "2013-01-01T00:00:01Z",
			"platforms": [
				{
					"id": 1,
					"name": "linux/amd64"
				}
			]
		},
		"tags": [
			{
				"id": 2,
				"name": "rtag"
			}
		],
		"platforms": [
			{
				"id": 2,
				"name": "linux/s390x"
			}
		],
		"rating": 5,
		"versions": [
			{
				"id": 10,
				"version": "0.1"
			}
		]
	}
}
