{
	"data": [
		{
			"id": 1,
			"name": "tekton",
			"catalog": {
				"id": 1,
				"name": "catalog-official",
				"type": "official"
			},
			"categories": [
				{
					"id": 1,
					"name": "xyz"
				}
			],
			"kind": "task",
			"hubURLPath": "catalog-official/task/tekton",
			"latestVersion": {
				"id": 5,
				"version": "0.2",
				"displayName": "Tekton CLI",
				"description": "Desc1",
				"minPipelinesVersion": "0.15.0",
				"rawURL": "https://raw.githubusercontent.com/Pipelines-Marketplace/catalog/master/task/tekton/0.2/tekton.yaml",
				"webURL": "https://github.com/Pipelines-Marketplace/catalog/tree/master/task/tekton/0.2/tekton.yaml",
				"hubURLPath": "catalog-official/task/tekton/0.2",
				"updatedAt": "2013-01-01T00:00:01Z",
				"platforms": [
					{
						"id": 2,
						"name": "linux/s390x"
					}
				]
			},
			"tags": [
				{
					"id": 2,
					"name": "rtag"
				}
			],
			"platforms": [
				{
					"id": 2,
					"name": "linux/s390x"
				}
			],
			"rating": 5
		},
		{
			"id": 5,
			"name": "tkn",
			"catalog": {
				"id": 1,
				"name": "catalog-official",
				"type": "official"
			},
			"categories": [
				{
					"id": 3,
					"name": "pqr"
				}
			],
			"kind": "task",
			"hubURLPath": "catalog-official/task/tkn",
			"latestVersion": {
				"id": 8,
				"version": "0.1",
				"displayName": "Tkn CLI",
				"description": "Desc5",
				"minPipelinesVersion": "0.12.1",
				"rawURL": "https://raw.githubusercontent.com/Pipelines-Marketplace/catalog/master/task/tkn/0.1/tkn.yaml",
				"webURL": "https://github.com/Pipelines-Marketplace/catalog/tree/master/task/tkn/0.1/tkn.yaml",
				"hubURLPath": "catalog-official/task/tkn/0.1",
				"updatedAt": "2013-01-01T00:00:01Z",
				"platforms": [
					{
						"id": 1,
						"name": "linux/amd64"
					}
				]
			},
			"tags": [
				{
					"id": 2,
					"name": "rtag"
				}
			],
			"platforms": [
				{
					"id": 2,
					"name": "linux/s390x"
				}
			],
			"rating": 5
		},
		{
			"id": 8,
			"name": "tkn-enterprise",
			"catalog": {
				"id": 3,
				"name": "catalog-enterprise",
				"type": "enterprise"
			},
			"categories": [],
			"kind": "task",
			"hubURLPath": "catalog-enterprise/task/tkn-enterprise",
			"latestVersion": {
				"id": 11,
				"version": "0.1",
				"displayName": "Tkn EnterpriseTask",
				"description": "Desc8",
				"minPipelinesVersion": "0.12.1",
				"rawURL": "https://raw.myghe.com/Pipelines-Marketplace/catalog-community/master/task/tkn-enterprise/0.1/tkn-enterprise.yaml",
				"webURL": "https://myghe.com/Pipelines-Marketplace/catalog-community/tree/master/task/tkn-enterprise/0.1/tkn-enterprise.yaml",
				"hubURLPath": "catalog-enterprise/task/tkn-enterprise/0.1",
				"updatedAt": "2013-01-01T00:00:01Z",
				"platforms": [
					{
						"id": 3,
						"name": "linux/arm64"
					}
				]
			},
			"tags": [
				{
					"id": 2,
					"name": "rtag"
				}
			],
			"platforms": [
				{
					"id": 1,
					"name": "linux/amd64"
				}
			],
			"rating": 5
		},
		{
			"id": 7,
			"name": "tkn-hub",
			"catalog": {
				"id": 1,
				"name": "catalog-official",
				"type": "official"
			},
			"categories": [
				{
					"id": 1,
					"name": "xyz"
				}
			],
			"kind": "task",
			"hubURLPath": "catalog-official/task/tkn-hub",
			"latestVersion": {
				"id": 10,
				"version": "0.1",
				"displayName": "Tkn Hub",
				"deprecated": true,
				"description": "Desc7",
				"minPipelinesVersion": "0.12.1",
				"rawURL": "https://raw.githubusercontent.com/Pipelines-Marketplace/catalog-community/master/task/tkn-hub/0.1/tkn-hub.yaml",
				"webURL": "https://github.com/Pipelines-Marketplace/catalog-community/tree/master/task/tkn-hub/0.1/tkn-hub.yaml",
				"hubURLPath": "catalog-official/task/tkn-hub/0.1",
				"updatedAt": "2013-01-01T00:00:01Z",
				"platforms": [
					{
						"id": 1,
						"name": "linux/amd64"
					}
				]
			},
			"tags": [
				{
					"id": 2,
					"name": "rtag"
				}
			],
			"platforms": [
				{
					"id": 2,
					"name": "linux/s390x"
				}
			],
			"rating": 5
		},
		{
			"id": 2,
			"name": "build-pipeline",
			"catalog": {
				"id": 1,
				"name": "catalog-official",
				"type": "official"
			},
			"categories": [
				{
					"id": 2,
					"name": "abc"
				}
			],
			"kind": "pipeline",
			"hubURLPath": "catalog-official/pipeline/build-pipeline",
			"latestVersion": {
				"id": 4,
				"version": "0.2",
				"displayName": "Build",
				"description": "Desc2",
				"minPipelinesVersion": "0.12.1",
				"rawURL": "https://raw.githubusercontent.com/Pipelines-Marketplace/catalog/master/task/build/0.2/build.yaml",
				"webURL": "https://github.com/Pipelines-Marketplace/catalog/tree/master/task/build/0.2/build.yaml",
				"hubURLPath": "catalog-official/pipeline/build-pipeline/0.2",
				"updatedAt": "2013-01-01T00:00:01Z",
				"platforms": [
					{
						"id": 1,
						"name": "linux/amd64"
					}
				]
			},
			"tags": [
				{
					"id": 4,
					"name": "atag"
				},
				{
					"id": 1,
					"name": "ztag"
				}
			],
			"platforms": [
				{
					"id": 1,
					"name": "linux/amd64"
				},
				{
					"id": 4,
					"name": "linux/ppc64le"
				}
			],
			"rating": 4.4
		},
		{
			"id": 6,
			"name": "img",
			"catalog": {
				"id": 2,
				"name": "catalog-community",
				"type": "community"
			},
			"categories": [],
			"kind": "task",
			"hubURLPath": "catalog-community/task/img",
			"latestVersion": {
				"id": 9,
				"version": "0.1",
				"displayName": "Image",
				"description": "Desc3",
				"minPipelinesVersion": "0.12.1",
				"rawURL": "https://raw.githubusercontent.com/Pipelines-Marketplace/catalog-community/master/task/img/0.1/img.yaml",
				"webURL": "https://github.com/Pipelines-Marketplace/catalog-community/tree/master/task/img/0.1/img.yaml",
				"hubURLPath": "catalog-community/task/img/0.1",
				"updatedAt": "2013-01-01T00:00:01Z",
				"platforms": [
					{
						"id": 1,
						"name": "linux/amd64"
					}
				]
			},
			"tags": [],
			"platforms": [],
			"rating": 2.3
		},
		{
			"id": 3,
			"name": "img",
			"catalog": {
				"id": 1,
				"name": "catalog-official",
				"type": "official"
			},
			"categories": [
				{
					"id": 3,
					"name": "pqr"
				}
			],
			"kind": "task",
			"hubURLPath": "catalog-official/task/img",
			"latestVersion": {
				"id": 3,
				"version": "0.1",
				"displayName": "Image",
				"description": "Desc3",
				"minPipelinesVersion": "0.12.1",
				"rawURL": "https://raw.githubusercontent.com/Pipelines-Marketplace/catalog/master/task/img/0.1/img.yaml",
				"webURL": "https://github.com/Pipelines-Marketplace/catalog/tree/master/task/img/0.1/img.yaml",
				"hubURLPath": "catalog-official/task/img/0.1",
				"updatedAt": "2013-01-01T00:00:01Z",
				"platforms": [
					{
						"id": 3,
						"name": "linux/arm64"
					}
				]
			},
			"tags": [
				{
					"id": 3,
					"name": "ptag"
				}
			],
			"platforms": [
				{
					"id": 3,
					"name": "linux/arm64"
				}
			],
			"rating": 2
		},
		{
			"id": 4,
			"name": "buildah",
			"catalog": {
				"id": 1,
				"name": "catalog-official",
				"type": "official"
			},
			"categories": [
				{
					"id": 2,
					"name": "abc"
				}
			],
			"kind": "task",
			"hubURLPath": "catalog-official/task/buildah",
			"latestVersion": {
				"id": 7,
				"version": "0.1",
				"displayName": "Buildah",
				"description": "Desc4",
				"minPipelinesVersion": "0.12.1",
				"rawURL": "https://raw.githubusercontent.com/Pipelines-Marketplace/catalog/master/task/buildah/0.1/buildah.yaml",
				"webURL": "https://github.com/Pipelines-Marketplace/catalog/tree/master/task/buildah/0.1/buildah.yaml",
				"hubURLPath": "catalog-official/task/buildah/0.1",
				"updatedAt": "2013-01-01T00:00:01Z",
				"platforms": [
					{
						"id": 2,
						"name": "linux/s390x"
					}
				]
			},
			"tags": [
				{
					"id": 1,
					"name": "ztag"
				}
			],
			"platforms": [
				{
					"id": 1,
					"name": "linux/amd64"
				}
			],
			"rating": 1.3
		}
	]
}
