// Jest Snapshot v1, https://goo.gl/fbAQLP

exports[`CatalogFilter finds the filter component and matches the count 1`] = `
"<Provider>
   
  <CatalogFilter>
    <Filter store={{...}} header=\\"Catalog\\">
      <div>
        <Grid>
          <div className=\\"pf-l-grid\\" style={[undefined]}>
            <GridItem span={6}>
              <div className=\\"pf-l-grid__item pf-m-6-col\\" style={[undefined]}>
                <Text component=\\"h1\\" className=\\"hub-filter-header\\">
                  <h1 data-ouia-component-type=\\"PF4/Text\\" data-ouia-safe={true} data-ouia-component-id=\\"OUIA-Generated-Text-1\\" data-pf-content={true} className=\\"hub-filter-header\\">
                    Catalog
                  </h1>
                </Text>
              </div>
            </GridItem>
            <GridItem span={3}>
              <div className=\\"pf-l-grid__item pf-m-3-col\\" style={[undefined]}>
                <Button variant=\\"plain\\" aria-label=\\"Clear\\" onClick={[Function: res] { _isMSTAction: true }}>
                  <ButtonBase innerRef={{...}} variant=\\"plain\\" aria-label=\\"Clear\\" onClick={[Function: res] { _isMSTAction: true }}>
                    <button onClick={[Function: res] { _isMSTAction: true }} aria-disabled={false} aria-label=\\"Clear\\" className=\\"pf-c-button pf-m-plain\\" disabled={false} tabIndex={[undefined]} type=\\"button\\" role={{...}} data-ouia-component-type=\\"PF4/Button\\" data-ouia-safe={true} data-ouia-component-id=\\"OUIA-Generated-Button-plain-1\\">
                      <TimesIcon color=\\"currentColor\\" size=\\"sm\\" noVerticalAlign={false}>
                        <svg style={{...}} fill=\\"currentColor\\" height=\\"1em\\" width=\\"1em\\" viewBox=\\"0 0 352 512\\" aria-labelledby={{...}} aria-hidden={true} role=\\"img\\">
                          <path d=\\"M242.72 256l100.07-100.07c12.28-12.28 12.28-32.19 0-44.48l-22.24-22.24c-12.28-12.28-32.19-12.28-44.48 0L176 189.28 75.93 89.21c-12.28-12.28-32.19-12.28-44.48 0L9.21 111.45c-12.28 12.28-12.28 32.19 0 44.48L109.28 256 9.21 356.07c-12.28 12.28-12.28 32.19 0 44.48l22.24 22.24c12.28 12.28 32.2 12.28 44.48 0L176 322.72l100.07 100.07c12.28 12.28 32.2 12.28 44.48 0l22.24-22.24c12.28-12.28 12.28-32.19 0-44.48L242.72 256z\\" />
                        </svg>
                      </TimesIcon>
                    </button>
                  </ButtonBase>
                </Button>
              </div>
            </GridItem>
            <GridItem span={12}>
              <div className=\\"pf-l-grid__item pf-m-12-col\\" style={[undefined]}>
                <Checkbox className=\\"hub-filter-checkbox\\" label={{...}} isChecked={false} onChange={[Function: onChange]} aria-label=\\"controlled checkbox\\" id=\\"tekton-hub\\" name=\\"tekton-hub\\" data-test=\\"tekton-hub\\" isValid={true} isDisabled={false} ouiaSafe={true}>
                  <div className=\\"pf-c-check hub-filter-checkbox\\">
                    <input id=\\"tekton-hub\\" name=\\"tekton-hub\\" data-test=\\"tekton-hub\\" className=\\"pf-c-check__input\\" type=\\"checkbox\\" onChange={[Function (anonymous)]} aria-invalid={false} aria-label=\\"controlled checkbox\\" disabled={false} checked={false} data-ouia-component-type=\\"PF4/Checkbox\\" data-ouia-safe={true} data-ouia-component-id=\\"OUIA-Generated-Checkbox-1\\" />
                    <label className=\\"pf-c-check__label\\" htmlFor=\\"tekton-hub\\">
                      <div>
                        <Icon id=\\"catalog\\" size=\\"sm\\" label=\\"tekton-hub\\">
                          <CatalogIcon size=\\"sm\\" className=\\"hub-icon\\" label=\\"tekton-hub\\" color=\\"currentColor\\" noVerticalAlign={false}>
                            <svg style={{...}} fill=\\"currentColor\\" height=\\"1em\\" width=\\"1em\\" viewBox=\\"0 0 1088 1024\\" aria-labelledby={{...}} aria-hidden={true} role=\\"img\\" className=\\"hub-icon\\" label=\\"tekton-hub\\">
                              <path d=\\"M576,160 C687.3,88.6 874.6,32 960,32 L960,800 C898.8,783.1 738,760.5 576,864 L576,160 Z M1024,96 C1088,96 1088,162.8 1088,162.8 L1088,928 C1088,992 985.7,989.9 985.7,989.9 C863.1,804.7 576,992 576,992 L576,925.4 C863,728.7 1024,928 1024,928 L1024,96 Z M128,800 L128,32 C212.9,32 400.6,88.3 512,160 L512,864 C352,760.5 189.3,783.2 128,800 Z M512,925.4 L512,992 C512,992 227.9,805.8 102.5,989.9 C102.5,989.9 0,992 0,928 L0,162.8 C0,162.8 0,96 64,96 L64,928 C64,927.9 226,728.7 512,925.4 Z\\" />
                            </svg>
                          </CatalogIcon>
                        </Icon>
                        Tekton-hub
                      </div>
                    </label>
                  </div>
                </Checkbox>
                <Checkbox className=\\"hub-filter-checkbox\\" label={{...}} isChecked={false} onChange={[Function: onChange]} aria-label=\\"controlled checkbox\\" id=\\"tekton\\" name=\\"tekton\\" data-test=\\"tekton\\" isValid={true} isDisabled={false} ouiaSafe={true}>
                  <div className=\\"pf-c-check hub-filter-checkbox\\">
                    <input id=\\"tekton\\" name=\\"tekton\\" data-test=\\"tekton\\" className=\\"pf-c-check__input\\" type=\\"checkbox\\" onChange={[Function (anonymous)]} aria-invalid={false} aria-label=\\"controlled checkbox\\" disabled={false} checked={false} data-ouia-component-type=\\"PF4/Checkbox\\" data-ouia-safe={true} data-ouia-component-id=\\"OUIA-Generated-Checkbox-2\\" />
                    <label className=\\"pf-c-check__label\\" htmlFor=\\"tekton\\">
                      <div>
                        <Icon id=\\"catalog\\" size=\\"sm\\" label=\\"tekton\\">
                          <CatalogIcon size=\\"sm\\" className=\\"hub-icon\\" label=\\"tekton\\" color=\\"currentColor\\" noVerticalAlign={false}>
                            <svg style={{...}} fill=\\"currentColor\\" height=\\"1em\\" width=\\"1em\\" viewBox=\\"0 0 1088 1024\\" aria-labelledby={{...}} aria-hidden={true} role=\\"img\\" className=\\"hub-icon\\" label=\\"tekton\\">
                              <path d=\\"M576,160 C687.3,88.6 874.6,32 960,32 L960,800 C898.8,783.1 738,760.5 576,864 L576,160 Z M1024,96 C1088,96 1088,162.8 1088,162.8 L1088,928 C1088,992 985.7,989.9 985.7,989.9 C863.1,804.7 576,992 576,992 L576,925.4 C863,728.7 1024,928 1024,928 L1024,96 Z M128,800 L128,32 C212.9,32 400.6,88.3 512,160 L512,864 C352,760.5 189.3,783.2 128,800 Z M512,925.4 L512,992 C512,992 227.9,805.8 102.5,989.9 C102.5,989.9 0,992 0,928 L0,162.8 C0,162.8 0,96 64,96 L64,928 C64,927.9 226,728.7 512,925.4 Z\\" />
                            </svg>
                          </CatalogIcon>
                        </Icon>
                        Tekton
                      </div>
                    </label>
                  </div>
                </Checkbox>
              </div>
            </GridItem>
          </div>
        </Grid>
      </div>
    </Filter>
  </CatalogFilter>
   
</Provider>"
`;
