{
	"data": [
		{
			"id": 4,
			"name": "buildah",
			"catalog": {
				"id": 1,
				"name": "catalog-official",
				"type": "official"
			},
			"categories": [
				{
					"id": 2,
					"name": "abc"
				}
			],
			"kind": "task",
			"latestVersion": {
				"id": 7,
				"version": "0.1",
				"displayName": "Buildah",
				"description": "Desc4",
				"minPipelinesVersion": "0.12.1",
				"rawURL": "https://raw.githubusercontent.com/Pipelines-Marketplace/catalog/master/task/buildah/0.1/buildah.yaml",
				"webURL": "https://github.com/Pipelines-Marketplace/catalog/tree/master/task/buildah/0.1/buildah.yaml",
				"updatedAt": "2013-01-01T00:00:01Z",
				"platforms": [
					{
						"id": 2,
						"name": "linux/s390x"
					}
				]
			},
			"tags": [
				{
					"id": 1,
					"name": "ztag"
				}
			],
			"platforms": [
				{
					"id": 1,
					"name": "linux/amd64"
				}
			],
			"rating": 1.3
		}
	]
}
