{
	"data": [
		{
			"id": 6,
			"version": "0.1.1",
			"displayName": "Tekton CLI",
			"description": "Desc1",
			"minPipelinesVersion": "0.19.1",
			"rawURL": "https://raw.githubusercontent.com/Pipelines-Marketplace/catalog/master/task/tekton/0.1.1/tekton.yaml",
			"webURL": "https://github.com/Pipelines-Marketplace/catalog/tree/master/task/tekton/0.1.1/tekton.yaml",
			"updatedAt": "2013-01-01T00:00:01Z"
		},
		{
			"id": 5,
			"version": "0.2",
			"displayName": "Tekton CLI",
			"description": "Desc1",
			"minPipelinesVersion": "0.21.1",
			"rawURL": "https://raw.githubusercontent.com/Pipelines-Marketplace/catalog/master/task/tekton/0.2/tekton.yaml",
			"webURL": "https://github.com/Pipelines-Marketplace/catalog/tree/master/task/tekton/0.2/tekton.yaml",
			"updatedAt": "2013-01-01T00:00:01Z"
		}
	]
}
