{
	"data": [
		{
			"id": 1,
			"name": "catalog-official",
			"type": "official",
			"url": "https:/github.com/tektoncd/catalog",
			"provider": "github"
		},
		{
			"id": 2,
			"name": "catalog-community",
			"type": "community",
			"url": "https:/github.com/tektoncd/catalog-community",
			"provider": "github"
		},
		{
			"id": 3,
			"name": "catalog-enterprise",
			"type": "enterprise",
			"url": "https:/myghe.com/tektoncd/catalog-enterprise",
			"provider": "github"
		}
	]
}
