// Jest Snapshot v1, https://goo.gl/fbAQLP

exports[`renders learn react link 1`] = `
"<div>
  <SwaggerUI url=\\"no API_URL  set/schema/swagger.json\\" layout=\\"BaseLayout\\" supportedSubmitMethods={{...}} docExpansion=\\"list\\" defaultModelsExpandDepth={1} presets={{...}} deepLinking={false} />
</div>"
`;

exports[`should render tha Swagger component 1`] = `
"<div>
  <SwaggerUI url=\\"no API_URL  set/schema/swagger.json\\" layout=\\"BaseLayout\\" supportedSubmitMethods={{...}} docExpansion=\\"list\\" defaultModelsExpandDepth={1} presets={{...}} deepLinking={false} />
</div>"
`;

exports[`should render the Swagger component 1`] = `
"<div>
  <SwaggerUI url=\\"no API_URL  set/schema/swagger.json\\" layout=\\"BaseLayout\\" supportedSubmitMethods={{...}} docExpansion=\\"list\\" defaultModelsExpandDepth={1} presets={{...}} deepLinking={false} />
</div>"
`;
