// Jest Snapshot v1, https://goo.gl/fbAQLP

exports[`Store functions can create a category store 1`] = `
Object {
  "err": "",
  "isLoading": false,
  "items": Object {
    "1": Object {
      "id": 1,
      "name": "Build Tools",
      "selected": false,
    },
    "2": Object {
      "id": 2,
      "name": "CLI",
      "selected": false,
    },
    "3": Object {
      "id": 3,
      "name": "Cloud",
      "selected": false,
    },
    "4": Object {
      "id": 4,
      "name": "Deploy",
      "selected": false,
    },
    "5": Object {
      "id": 5,
      "name": "Image Build",
      "selected": false,
    },
  },
}
`;
