// Jest Snapshot v1, https://goo.gl/fbAQLP

exports[`should render the background component 1`] = `
"<div className=\\"hub-background-image\\" style={{...}}>
  <TextContent>
    <Text component=\\"h1\\" className=\\"hub-background-heading\\">
      Welcome to Tekton Hub
    </Text>
    <Text component=\\"h3\\" className=\\"hub-tag-line\\">
      Discover, search and share reusable Tasks and Pipelines
    </Text>
  </TextContent>
</div>"
`;
