// Jest Snapshot v1, https://goo.gl/fbAQLP

exports[`Sort DropDown should render the dropdown 1`] = `
"<Provider>
   
  <Sort>
    <div>
      <Dropdown onSelect={[Function: onSelect]} toggle={{...}} isOpen={false} dropdownItems={{...}} className=\\"hub-sort-dropdown\\">
        <DropdownWithContext toggle={{...}} isOpen={false} dropdownItems={{...}} className=\\"hub-sort-dropdown\\" isPlain={false} isGrouped={false} position=\\"left\\" direction=\\"down\\" onSelect={[Function: onSelect]} autoFocus={true} menuAppendTo=\\"inline\\">
          <div className=\\"pf-c-dropdown hub-sort-dropdown\\" data-ouia-component-type=\\"PF4/Dropdown\\" data-ouia-safe={true} data-ouia-component-id={0}>
            <DropdownToggle onToggle={[Function: onToggle]} parentRef={{...}} getMenuRef={[Function (anonymous)]} isOpen={false} id=\\"pf-dropdown-toggle-id-0\\" isPlain={false} aria-haspopup={true} onEnter={[Function: onEnter]}>
              <Toggle onEnter={[Function: onEnter]} id=\\"pf-dropdown-toggle-id-0\\" className=\\"\\" isOpen={false} parentRef={{...}} getMenuRef={[Function (anonymous)]} isActive={false} isDisabled={false} isPlain={false} isPrimary={false} onToggle={[Function: onToggle]} aria-haspopup={true} isSplitButton={false} bubbleEvent={false}>
                <button id=\\"pf-dropdown-toggle-id-0\\" className=\\"pf-c-dropdown__toggle\\" type=\\"button\\" onClick={[Function: onClick]} aria-expanded={false} aria-haspopup={true} onKeyDown={[Function: onKeyDown]} disabled={false}>
                  <span className=\\"pf-c-dropdown__toggle-text\\">
                    Name
                  </span>
                  <span className=\\"pf-c-dropdown__toggle-icon\\">
                    <CaretDownIcon color=\\"currentColor\\" size=\\"sm\\" noVerticalAlign={false}>
                      <svg style={{...}} fill=\\"currentColor\\" height=\\"1em\\" width=\\"1em\\" viewBox=\\"0 0 320 512\\" aria-labelledby={{...}} aria-hidden={true} role=\\"img\\">
                        <path d=\\"M31.3 192h257.3c17.8 0 26.7 21.5 14.1 34.1L174.1 354.8c-7.8 7.8-20.5 7.8-28.3 0L17.2 226.1C4.6 213.5 13.5 192 31.3 192z\\" transform=\\"\\" />
                      </svg>
                    </CaretDownIcon>
                  </span>
                </button>
              </Toggle>
            </DropdownToggle>
          </div>
        </DropdownWithContext>
      </Dropdown>
    </div>
  </Sort>
   
</Provider>"
`;
