// Jest Snapshot v1, https://goo.gl/fbAQLP

exports[`Header should render the header component and find Search component 1`] = `
"<Provider>
   
  <BrowserRouter>
    <Router history={{...}}>
      <Memo(wrappedComponent)>
        <PageHeader logo={{...}} headerTools={{...}}>
          <header role={[undefined]} className=\\"pf-c-page__header\\">
            <div className=\\"pf-c-page__header-brand\\">
              <a className=\\"pf-c-page__header-brand-link\\">
                <Brand src=\\"logo.png\\" alt=\\"Tekton Hub Logo\\" onClick={[Function: homePage]}>
                  <img onClick={[Function: homePage]} className=\\"pf-c-brand\\" src=\\"logo.png\\" alt=\\"Tekton Hub Logo\\" />
                </Brand>
              </a>
            </div>
            <PageHeaderTools>
              <div className=\\"pf-c-page__header-tools\\">
                <Grid>
                  <div className=\\"pf-l-grid\\">
                    <GridItem span={11}>
                      <div className=\\"pf-l-grid__item pf-m-11-col\\">
                        <Memo(wrappedComponent)>
                          <ForwardRef type=\\"search\\" value=\\"\\" onChange={[Function: onSearchChange]} onKeyPress={[Function: onSearchKeyPress]} aria-label=\\"text input example\\" placeholder=\\"Search for resources...\\" spellCheck=\\"false\\" className=\\"hub-search\\">
                            <TextInputBase type=\\"search\\" value=\\"\\" onChange={[Function: onSearchChange]} onKeyPress={[Function: onSearchKeyPress]} aria-label=\\"text input example\\" placeholder=\\"Search for resources...\\" spellCheck=\\"false\\" className=\\"hub-search\\" innerRef={{...}} isRequired={false} validated=\\"default\\" isDisabled={false} isReadOnly={false} isLeftTruncated={false}>
                              <input onKeyPress={[Function: onSearchKeyPress]} aria-label=\\"text input example\\" placeholder=\\"Search for resources...\\" spellCheck=\\"false\\" onFocus={[Function (anonymous)]} onBlur={[Function (anonymous)]} className=\\"pf-c-form-control hub-search\\" onChange={[Function (anonymous)]} type=\\"search\\" value=\\"\\" aria-invalid={false} required={false} disabled={false} readOnly={false} />
                            </TextInputBase>
                          </ForwardRef>
                        </Memo(wrappedComponent)>
                      </div>
                    </GridItem>
                  </div>
                </Grid>
                <Text component=\\"h3\\">
                  <h3 data-pf-content={true} className=\\"\\">
                    <Link to=\\"/login\\" style={{...}}>
                      <LinkAnchor style={{...}} href=\\"/login\\" navigate={[Function: navigate]}>
                        <a style={{...}} href=\\"/login\\" onClick={[Function: onClick]}>
                          <span className=\\"hub-header-login\\">
                            Login
                          </span>
                        </a>
                      </LinkAnchor>
                    </Link>
                  </h3>
                </Text>
              </div>
            </PageHeaderTools>
          </header>
        </PageHeader>
      </Memo(wrappedComponent)>
    </Router>
  </BrowserRouter>
   
</Provider>"
`;
